// Jest Snapshot v1, https://goo.gl/fbAQLP

exports[`Test Settings renders correctly 1`] = `
<View
  style={
    Array [
      Object {
        "backgroundColor": "#fff",
        "flex": 1,
        "height": 1334,
      },
      Object {
        "backgroundColor": "transparent",
        "opacity": 1,
      },
    ]
  }
  virtual={undefined}
>
  <RCTScrollView
    automaticallyAdjustContentInsets={false}
    contentContainerStyle={
      Array [
        Object {
          "padding": undefined,
        },
        undefined,
      ]
    }
    contentInset={
      Object {
        "bottom": 0,
      }
    }
    enableAutomaticScroll={true}
    enableResetScrollToCoords={true}
    extraHeight={75}
    extraScrollHeight={0}
    getScrollResponder={[Function]}
    handleOnScroll={[Function]}
    keyboardDismissMode="interactive"
    keyboardOpeningTime={250}
    keyboardShouldPersistTaps="handled"
    keyboardSpace={0}
    onScroll={[Function]}
    resetKeyboardSpace={[Function]}
    resetScrollToCoords={
      Object {
        "x": 0,
        "y": 0,
      }
    }
    scrollEventThrottle={1}
    scrollForExtraHeightOnAndroid={[Function]}
    scrollToEnd={[Function]}
    scrollToFocusedInput={[Function]}
    scrollToPosition={[Function]}
    showsVerticalScrollIndicator={true}
    style={
      Object {
        "backgroundColor": "transparent",
        "flex": 1,
      }
    }
    viewIsInsideTabBar={false}
    virtual={undefined}
  >
    <View>
      <View
        closeOnRowBeginSwipe={false}
        closeOnRowPress={true}
        closeOnScroll={true}
        directionalDistanceChangeThreshold={2}
        disableLeftSwipe={false}
        disableRightSwipe={false}
        leftOpenValue={0}
        previewFirstRow={false}
        recalculateHiddenLayout={false}
        rightOpenValue={0}
        style={Object {}}
        swipeToOpenPercent={50}
        virtual={undefined}
      >
        <View
          accessibilityComponentType={undefined}
          accessibilityLabel={undefined}
          accessibilityTraits={undefined}
          accessible={true}
          hasTVPreferredFocus={undefined}
          hitSlop={undefined}
          isTVSelectable={true}
          nativeID={undefined}
          onLayout={undefined}
          onResponderGrant={[Function]}
          onResponderMove={[Function]}
          onResponderRelease={[Function]}
          onResponderTerminate={[Function]}
          onResponderTerminationRequest={[Function]}
          onStartShouldSetResponder={[Function]}
          style={null}
          testID={undefined}
          tvParallaxProperties={undefined}
        >
          <View
            noIndent={true}
            onPress={[Function]}
            style={
              Array [
                Object {
                  "alignItems": "center",
                  "backgroundColor": "transparent",
                  "borderBottomWidth": 0.5,
                  "borderColor": "#c9c9c9",
                  "flexDirection": "row",
                  "marginLeft": null,
                  "paddingBottom": 10,
                  "paddingLeft": 16,
                  "paddingRight": 10,
                  "paddingTop": 10,
                },
                Object {
                  "backgroundColor": "white",
                  "borderBottomWidth": 0,
                  "paddingBottom": 20,
                  "paddingLeft": "5%",
                  "paddingRight": "5%",
                  "paddingTop": 20,
                },
              ]
            }
            virtual={undefined}
          >
            <View
              style={
                Array [
                  Object {
                    "alignItems": "flex-start",
                    "alignSelf": "center",
                    "flex": 1,
                    "flexDirection": "row",
                  },
                  Object {
                    "alignItems": "center",
                  },
                ]
              }
              virtual={undefined}
            >
              <Image
                large={true}
                source={
                  Object {
                    "uri": "https://www.logolynx.com/images/logolynx/03/039b004617d1ef43cf1769aae45d6ea2.png",
                  }
                }
                style={
                  Object {
                    "borderRadius": 40,
                    "height": 80,
                    "width": 80,
                  }
                }
                virtual={undefined}
              />
              <View
                style={
                  Object {
                    "alignItems": null,
                    "alignSelf": null,
                    "flex": 1,
                    "marginLeft": 10,
                  }
                }
                virtual={undefined}
              >
                <Text
                  accessible={true}
                  allowFontScaling={true}
                  ellipsizeMode="tail"
                  style={
                    Object {
                      "fontSize": 20,
                      "fontWeight": "500",
                    }
                  }
                >
                  Nome de Usu√°rio
                </Text>
                <Text
                  accessible={true}
                  allowFontScaling={true}
                  ellipsizeMode="tail"
                  style={
                    Object {
                      "fontSize": 15,
                    }
                  }
                >
                  
                </Text>
              </View>
            </View>
            <View
              style={
                Object {
                  "alignItems": "flex-end",
                  "alignSelf": "center",
                  "flex": 0.28,
                  "paddingBottom": null,
                  "paddingLeft": null,
                  "paddingRight": null,
                  "paddingTop": null,
                }
              }
              virtual={undefined}
            >
              <Text
                accessible={true}
                allowFontScaling={true}
                ellipsizeMode="tail"
              />
            </View>
          </View>
        </View>
      </View>
    </View>
  </RCTScrollView>
</View>
`;
