// Jest Snapshot v1, https://goo.gl/fbAQLP

exports[`renders correctly 1`] = `
<View>
  <View
    style={
      Object {
        "flex": 1,
        "margin": "50%",
      }
    }
  >
    <ActivityIndicator
      animating={true}
      color="#00a50b"
      hidesWhenStopped={true}
      size="large"
    />
  </View>
  <RCTScrollView
    refreshControl={
      <RefreshControlMock
        onRefresh={[Function]}
        refreshing={true}
      />
    }
  >
    <RCTRefreshControl />
    <View />
  </RCTScrollView>
</View>
`;
