// Jest Snapshot v1, https://goo.gl/fbAQLP

exports[`renders correctly 1`] = `
<View
  accessibilityComponentType={undefined}
  accessibilityLabel={undefined}
  accessibilityTraits={undefined}
  accessible={true}
  collapsable={undefined}
  hasTVPreferredFocus={undefined}
  hitSlop={undefined}
  isTVSelectable={true}
  nativeID={undefined}
  onLayout={undefined}
  onResponderGrant={[Function]}
  onResponderMove={[Function]}
  onResponderRelease={[Function]}
  onResponderTerminate={[Function]}
  onResponderTerminationRequest={[Function]}
  onStartShouldSetResponder={[Function]}
  style={
    Object {
      "opacity": 1,
    }
  }
  testID={undefined}
  tvParallaxProperties={undefined}
>
  <View
    style={
      Object {
        "backgroundColor": "#fff",
        "borderBottomWidth": 0.5,
        "borderColor": "#ccc",
        "borderLeftWidth": 0.5,
        "borderRadius": 2,
        "borderRightWidth": 0.5,
        "borderTopWidth": 0.5,
        "elevation": 3,
        "flexWrap": "nowrap",
        "marginBottom": 5,
        "marginLeft": 2,
        "marginRight": 2,
        "marginTop": 5,
        "shadowColor": "#000",
        "shadowOffset": Object {
          "height": 2,
          "width": 0,
        },
        "shadowOpacity": 0.1,
        "shadowRadius": 1.5,
      }
    }
    virtual={undefined}
  >
    <View
      cardBody={true}
      style={
        Array [
          Object {
            "alignItems": "center",
            "backgroundColor": "#fff",
            "borderRadius": 2,
            "flexDirection": "row",
            "paddingBottom": -5,
            "paddingLeft": -5,
            "paddingRight": -5,
            "paddingTop": -5,
          },
          Object {
            "paddingHorizontal": 5,
            "paddingTop": 5,
          },
        ]
      }
      virtual={undefined}
    >
      <View
        style={
          Object {
            "flex": 1,
            "height": 200,
            "width": null,
          }
        }
      >
        <Image
          source={1}
          style={
            Array [
              Object {
                "bottom": 0,
                "left": 0,
                "position": "absolute",
                "right": 0,
                "top": 0,
              },
              Object {
                "height": 200,
                "width": null,
              },
              undefined,
            ]
          }
        />
      </View>
    </View>
    <View
      style={
        Object {
          "alignItems": "center",
          "backgroundColor": "#fff",
          "borderRadius": 2,
          "flexDirection": "row",
          "paddingBottom": 10,
          "paddingLeft": 15,
          "paddingRight": 15,
          "paddingTop": 10,
        }
      }
      virtual={undefined}
    >
      <View
        style={
          Object {
            "alignItems": "center",
            "alignSelf": "center",
            "flex": 1,
            "flexDirection": "row",
          }
        }
        virtual={undefined}
      >
        <Image
          source={1}
          style={
            Object {
              "borderRadius": 28,
              "height": 56,
              "width": 56,
            }
          }
          virtual={undefined}
        />
        <View
          style={
            Object {
              "alignItems": null,
              "alignSelf": "center",
              "flex": 1,
              "marginLeft": 10,
            }
          }
          virtual={undefined}
        >
          <Text
            accessible={true}
            allowFontScaling={true}
            ellipsizeMode="tail"
            style={
              Array [
                Object {
                  "color": "#000",
                  "fontFamily": "System",
                  "fontSize": 16,
                },
                Object {
                  "fontSize": 20,
                  "fontWeight": "bold",
                },
              ]
            }
            uppercase={false}
            virtual={undefined}
          />
          <Text
            accessible={true}
            allowFontScaling={true}
            ellipsizeMode="tail"
            note={true}
            style={
              Object {
                "color": "#808080",
                "fontFamily": "System",
                "fontSize": 14,
                "fontWeight": "400",
                "marginRight": 20,
              }
            }
            uppercase={false}
            virtual={undefined}
          />
        </View>
      </View>
    </View>
    <View
      style={
        Object {
          "alignItems": "center",
          "backgroundColor": "#fff",
          "borderRadius": 2,
          "flexDirection": "row",
          "paddingBottom": 10,
          "paddingLeft": 15,
          "paddingRight": 15,
          "paddingTop": 10,
        }
      }
      virtual={undefined}
    >
      <View
        style={
          Object {
            "alignItems": "center",
            "alignSelf": "center",
            "flex": 1,
            "flexDirection": "row",
          }
        }
        virtual={undefined}
      >
        <View
          style={
            Object {
              "flex": 1,
              "flexDirection": "row",
            }
          }
        >
          <Text
            accessible={true}
            allowFontScaling={true}
            ellipsizeMode="tail"
          />
          <Text
            accessible={true}
            allowFontScaling={true}
            ellipsizeMode="tail"
            style={
              Array [
                Object {
                  "alignSelf": "center",
                  "color": "#000",
                  "fontFamily": "System",
                  "fontSize": 16,
                  "marginLeft": 10,
                },
                Object {
                  "color": "#0AACCC",
                },
              ]
            }
            uppercase={false}
            virtual={undefined}
          />
        </View>
      </View>
      <View
        style={
          Object {
            "alignItems": "flex-end",
            "alignSelf": "center",
            "flex": 0.8,
          }
        }
        virtual={undefined}
      >
        <Text
          accessible={true}
          allowFontScaling={true}
          ellipsizeMode="tail"
          style={
            Array [
              Object {
                "alignSelf": null,
                "color": "#000",
                "fontFamily": "System",
                "fontSize": 15,
              },
              Object {
                "borderColor": "#0AACCC",
                "borderRadius": 2,
                "borderWidth": 1,
                "color": "#0AACCC",
                "fontSize": 13,
              },
            ]
          }
          uppercase={false}
          virtual={undefined}
        >
          An√∫ncio
        </Text>
      </View>
    </View>
  </View>
</View>
`;
