// Jest Snapshot v1, https://goo.gl/fbAQLP

exports[`Test UserProfile renders correctly 1`] = `
<View
  style={
    Object {
      "flex": 1,
      "flexDirection": "column",
      "justifyContent": "flex-start",
    }
  }
>
  <View
    style={
      Object {
        "margin": 5,
      }
    }
  >
    <View
      style={
        Array [
          Object {
            "backgroundColor": "#fff",
            "borderBottomWidth": 0.5,
            "borderColor": "#ccc",
            "borderLeftWidth": 0.5,
            "borderRadius": 2,
            "borderRightWidth": 0.5,
            "borderTopWidth": 0.5,
            "elevation": 3,
            "flexWrap": "nowrap",
            "marginBottom": 5,
            "marginLeft": 2,
            "marginRight": 2,
            "marginTop": 5,
            "shadowColor": "#000",
            "shadowOffset": Object {
              "height": 2,
              "width": 0,
            },
            "shadowOpacity": 0.1,
            "shadowRadius": 1.5,
          },
          Object {
            "height": 150,
            "paddingRight": 10,
          },
        ]
      }
      virtual={undefined}
    >
      <View
        style={
          Array [
            Object {
              "alignItems": "center",
              "backgroundColor": "#fff",
              "borderRadius": 2,
              "flexDirection": "row",
              "paddingBottom": 10,
              "paddingLeft": 15,
              "paddingRight": 15,
              "paddingTop": 10,
            },
            Object {
              "height": "100%",
            },
          ]
        }
        virtual={undefined}
      >
        <View
          style={
            Object {
              "alignItems": "flex-start",
              "alignSelf": "stretch",
              "flex": 1,
            }
          }
          virtual={undefined}
        >
          <View
            style={
              Object {
                "flex": 1,
                "flexDirection": "row",
                "justifyContent": "space-between",
              }
            }
          >
            <View
              accessibilityComponentType={undefined}
              accessibilityLabel={undefined}
              accessibilityTraits={undefined}
              accessible={true}
              collapsable={undefined}
              hasTVPreferredFocus={undefined}
              hitSlop={undefined}
              isTVSelectable={true}
              nativeID={undefined}
              onLayout={undefined}
              onResponderGrant={[Function]}
              onResponderMove={[Function]}
              onResponderRelease={[Function]}
              onResponderTerminate={[Function]}
              onResponderTerminationRequest={[Function]}
              onStartShouldSetResponder={[Function]}
              style={
                Object {
                  "alignItems": "center",
                  "borderColor": "rgba(0,0,0,0.2)",
                  "borderRadius": 50,
                  "borderWidth": 1,
                  "height": 100,
                  "justifyContent": "center",
                  "opacity": 1,
                  "width": 100,
                }
              }
              testID={undefined}
              tvParallaxProperties={undefined}
            >
              <View>
                <Image
                  source={
                    Object {
                      "uri": "www.notareallink.com/teste1",
                    }
                  }
                  style={
                    Object {
                      "borderRadius": 100,
                      "height": 100,
                      "position": "absolute",
                      "width": 100,
                    }
                  }
                />
                <Image
                  source={
                    Object {
                      "uri": "https://i.imgur.com/gr7Zvft.png",
                    }
                  }
                  style={
                    Object {
                      "alignItems": "center",
                      "borderColor": "rgba(0,0,0,0.2)",
                      "borderRadius": 100,
                      "borderWidth": 1,
                      "height": 100,
                      "justifyContent": "center",
                      "width": 100,
                    }
                  }
                />
              </View>
            </View>
            <View>
              <View
                accessibilityComponentType={undefined}
                accessibilityLabel={undefined}
                accessibilityTraits={undefined}
                accessible={true}
                collapsable={undefined}
                hasTVPreferredFocus={undefined}
                hitSlop={undefined}
                isTVSelectable={true}
                nativeID={undefined}
                onLayout={undefined}
                onResponderGrant={[Function]}
                onResponderMove={[Function]}
                onResponderRelease={[Function]}
                onResponderTerminate={[Function]}
                onResponderTerminationRequest={[Function]}
                onStartShouldSetResponder={[Function]}
                style={
                  Object {
                    "alignItems": "center",
                    "backgroundColor": "transparent",
                    "borderBottomWidth": 1,
                    "borderColor": "#D9D5DC",
                    "borderLeftWidth": 0,
                    "borderRadius": undefined,
                    "borderRightWidth": 0,
                    "borderTopWidth": 0,
                    "borderWidth": undefined,
                    "flexDirection": null,
                    "marginLeft": 2,
                    "minHeight": 65,
                    "opacity": 1,
                  }
                }
                testID={undefined}
                tvParallaxProperties={undefined}
              >
                <Text
                  accessible={true}
                  allowFontScaling={true}
                  ellipsizeMode="tail"
                  style={
                    Array [
                      Object {
                        "alignSelf": "flex-start",
                        "color": "#575757",
                        "fontSize": 15,
                        "left": null,
                        "paddingRight": 5,
                        "paddingTop": 5,
                        "position": null,
                        "right": null,
                        "top": null,
                      },
                      Object {
                        "fontSize": 12,
                      },
                    ]
                  }
                  virtual={undefined}
                >
                  Nome:
                </Text>
                <TextInput
                  allowFontScaling={true}
                  editable={true}
                  onChangeText={[Function]}
                  placeholder="user1"
                  placeholderTextColor="#575757"
                  style={
                    Array [
                      Object {
                        "alignSelf": "stretch",
                        "color": "#000",
                        "flex": 1,
                        "fontSize": 17,
                        "height": 50,
                        "lineHeight": 18,
                        "paddingLeft": 5,
                        "paddingRight": 5,
                        "top": 1.5,
                        "width": null,
                      },
                      Object {
                        "fontSize": 12,
                      },
                    ]
                  }
                  underlineColorAndroid="rgba(0,0,0,0)"
                  virtual={undefined}
                />
              </View>
              <View
                accessibilityComponentType={undefined}
                accessibilityLabel={undefined}
                accessibilityTraits={undefined}
                accessible={true}
                collapsable={undefined}
                hasTVPreferredFocus={undefined}
                hitSlop={undefined}
                isTVSelectable={true}
                nativeID={undefined}
                onLayout={undefined}
                onResponderGrant={[Function]}
                onResponderMove={[Function]}
                onResponderRelease={[Function]}
                onResponderTerminate={[Function]}
                onResponderTerminationRequest={[Function]}
                onStartShouldSetResponder={[Function]}
                style={
                  Object {
                    "alignItems": "center",
                    "backgroundColor": "transparent",
                    "borderBottomWidth": 1,
                    "borderColor": "#D9D5DC",
                    "borderLeftWidth": 0,
                    "borderRadius": undefined,
                    "borderRightWidth": 0,
                    "borderTopWidth": 0,
                    "borderWidth": undefined,
                    "flexDirection": null,
                    "marginLeft": 2,
                    "minHeight": 65,
                    "opacity": 1,
                  }
                }
                testID={undefined}
                tvParallaxProperties={undefined}
              >
                <Text
                  accessible={true}
                  allowFontScaling={true}
                  ellipsizeMode="tail"
                  style={
                    Array [
                      Object {
                        "alignSelf": "flex-start",
                        "color": "#575757",
                        "fontSize": 15,
                        "left": null,
                        "paddingRight": 5,
                        "paddingTop": 5,
                        "position": null,
                        "right": null,
                        "top": null,
                      },
                      Object {
                        "fontSize": 12,
                      },
                    ]
                  }
                  virtual={undefined}
                >
                  Email
                </Text>
                <TextInput
                  allowFontScaling={true}
                  editable={true}
                  onChangeText={[Function]}
                  placeholder="superuser1@user.com"
                  placeholderTextColor="#575757"
                  style={
                    Array [
                      Object {
                        "alignSelf": "stretch",
                        "color": "#000",
                        "flex": 1,
                        "fontSize": 17,
                        "height": 50,
                        "lineHeight": 18,
                        "paddingLeft": 5,
                        "paddingRight": 5,
                        "top": 1.5,
                        "width": null,
                      },
                      Object {
                        "fontSize": 12,
                      },
                    ]
                  }
                  underlineColorAndroid="rgba(0,0,0,0)"
                  virtual={undefined}
                />
              </View>
            </View>
          </View>
        </View>
      </View>
    </View>
  </View>
  <View
    style={
      Object {
        "margin": 5,
      }
    }
  >
    <View
      accessibilityComponentType="button"
      accessibilityLabel={undefined}
      accessibilityTraits={
        Array [
          "button",
        ]
      }
      accessible={true}
      collapsable={undefined}
      hasTVPreferredFocus={undefined}
      hitSlop={undefined}
      isTVSelectable={true}
      nativeID={undefined}
      onLayout={undefined}
      onResponderGrant={[Function]}
      onResponderMove={[Function]}
      onResponderRelease={[Function]}
      onResponderTerminate={[Function]}
      onResponderTerminationRequest={[Function]}
      onStartShouldSetResponder={[Function]}
      style={
        Object {
          "opacity": 1,
        }
      }
      testID={undefined}
      tvParallaxProperties={undefined}
    >
      <View
        style={
          Array [
            Object {},
          ]
        }
      >
        <Text
          accessible={true}
          allowFontScaling={true}
          disabled={undefined}
          ellipsizeMode="tail"
          style={
            Array [
              Object {
                "color": "#007AFF",
                "fontSize": 18,
                "padding": 8,
                "textAlign": "center",
              },
              Object {
                "color": "#BD1C5F",
              },
            ]
          }
        >
          Salvar
        </Text>
      </View>
    </View>
  </View>
  <View
    style={
      Object {
        "margin": 5,
      }
    }
  >
    <View
      accessibilityComponentType="button"
      accessibilityLabel={undefined}
      accessibilityTraits={
        Array [
          "button",
        ]
      }
      accessible={true}
      collapsable={undefined}
      hasTVPreferredFocus={undefined}
      hitSlop={undefined}
      isTVSelectable={true}
      nativeID={undefined}
      onLayout={undefined}
      onResponderGrant={[Function]}
      onResponderMove={[Function]}
      onResponderRelease={[Function]}
      onResponderTerminate={[Function]}
      onResponderTerminationRequest={[Function]}
      onStartShouldSetResponder={[Function]}
      style={
        Object {
          "opacity": 1,
        }
      }
      testID={undefined}
      tvParallaxProperties={undefined}
    >
      <View
        style={
          Array [
            Object {},
          ]
        }
      >
        <Text
          accessible={true}
          allowFontScaling={true}
          disabled={undefined}
          ellipsizeMode="tail"
          style={
            Array [
              Object {
                "color": "#007AFF",
                "fontSize": 18,
                "padding": 8,
                "textAlign": "center",
              },
              Object {
                "color": "#BD1C5F",
              },
            ]
          }
        >
          Sair
        </Text>
      </View>
    </View>
  </View>
</View>
`;
