// Jest Snapshot v1, https://goo.gl/fbAQLP

exports[`renders correctly 1`] = `
<View
  style={
    Array [
      Object {},
      Object {
        "padding": 10,
      },
    ]
  }
  virtual={undefined}
>
  <View
    accessibilityComponentType={undefined}
    accessibilityLabel={undefined}
    accessibilityTraits={undefined}
    accessible={true}
    hasTVPreferredFocus={undefined}
    hitSlop={undefined}
    isTVSelectable={true}
    nativeID={undefined}
    onLayout={undefined}
    onResponderGrant={[Function]}
    onResponderMove={[Function]}
    onResponderRelease={[Function]}
    onResponderTerminate={[Function]}
    onResponderTerminationRequest={[Function]}
    onStartShouldSetResponder={[Function]}
    style={null}
    testID={undefined}
    tvParallaxProperties={undefined}
  >
    <View
      style={
        Array [
          Object {},
          Object {
            "backgroundColor": "#0EAC6F",
            "flex": 1,
            "flexDirection": "row",
            "paddingBottom": 20,
            "paddingLeft": 20,
            "paddingRight": 20,
            "paddingTop": 10,
          },
        ]
      }
      virtual={undefined}
    >
      <View
        style={
          Array [
            Object {},
            Object {
              "flexDirection": "column",
              "width": "65%",
            },
          ]
        }
        virtual={undefined}
      >
        <Text
          accessible={true}
          allowFontScaling={true}
          ellipsizeMode="tail"
          style={
            Array [
              Object {
                "color": "#000",
                "fontFamily": "System",
                "fontSize": 16,
              },
              Object {
                "color": "white",
                "fontSize": 25,
              },
            ]
          }
          uppercase={false}
          virtual={undefined}
        />
        <Text
          accessible={true}
          allowFontScaling={true}
          ellipsizeMode="tail"
          style={
            Array [
              Object {
                "color": "#000",
                "fontFamily": "System",
                "fontSize": 16,
              },
              Object {
                "color": "white",
                "fontSize": 20,
              },
            ]
          }
          uppercase={false}
          virtual={undefined}
        />
      </View>
      <View
        style={
          Array [
            Object {},
            Object {
              "flexDirection": "column",
              "width": "35%",
            },
          ]
        }
        virtual={undefined}
      >
        <Text
          accessible={true}
          allowFontScaling={true}
          ellipsizeMode="tail"
          style={
            Array [
              Object {
                "color": "#000",
                "fontFamily": "System",
                "fontSize": 16,
              },
              Object {
                "color": "white",
                "fontSize": 25,
              },
            ]
          }
          uppercase={false}
          virtual={undefined}
        >
          R$ 
        </Text>
        <Text
          accessible={true}
          allowFontScaling={true}
          ellipsizeMode="tail"
          style={
            Array [
              Object {
                "color": "#000",
                "fontFamily": "System",
                "fontSize": 16,
              },
              Object {
                "color": "white",
                "fontSize": 17,
              },
            ]
          }
          uppercase={false}
          virtual={undefined}
        >
           
          Cancelado
           
        </Text>
      </View>
      <View
        style={
          Array [
            Object {},
            Object {
              "height": 10,
            },
          ]
        }
        virtual={undefined}
      />
    </View>
  </View>
</View>
`;
