// Jest Snapshot v1, https://goo.gl/fbAQLP

exports[`renders correctly 1`] = `
<View
  style={
    Object {
      "backgroundColor": "#fff",
      "borderBottomWidth": 0.5,
      "borderColor": "#ccc",
      "borderLeftWidth": 0.5,
      "borderRadius": 2,
      "borderRightWidth": 0.5,
      "borderTopWidth": 0.5,
      "elevation": 3,
      "flexWrap": "nowrap",
      "marginBottom": 5,
      "marginLeft": 2,
      "marginRight": 2,
      "marginTop": 5,
      "shadowColor": "#000",
      "shadowOffset": Object {
        "height": 2,
        "width": 0,
      },
      "shadowOpacity": 0.1,
      "shadowRadius": 1.5,
    }
  }
  virtual={undefined}
>
  <Text
    accessible={true}
    allowFontScaling={true}
    ellipsizeMode="tail"
    style={
      Object {
        "color": "grey",
        "marginBottom": 10,
      }
    }
  >
    Geral
  </Text>
  <View
    style={
      Object {
        "alignItems": "center",
        "backgroundColor": "#fff",
        "borderRadius": 2,
        "flexDirection": "row",
        "paddingBottom": 10,
        "paddingLeft": 15,
        "paddingRight": 15,
        "paddingTop": 10,
      }
    }
    virtual={undefined}
  >
    <View
      style={
        Object {
          "alignItems": "center",
          "alignSelf": "center",
          "flex": 1,
          "flexDirection": "row",
        }
      }
      virtual={undefined}
    >
      <Image
        source={1}
        style={
          Array [
            Object {
              "borderRadius": 28,
              "height": 56,
              "width": 56,
            },
            Object {
              "borderColor": "grey",
              "borderRadius": 125,
              "borderWidth": 1,
              "height": 140,
              "width": 140,
            },
          ]
        }
        virtual={undefined}
      />
    </View>
    <View
      style={
        Object {
          "alignItems": "flex-start",
          "alignSelf": "stretch",
          "flex": 1,
        }
      }
      virtual={undefined}
    >
      <Text
        accessible={true}
        allowFontScaling={true}
        ellipsizeMode="tail"
        style={
          Array [
            Object {
              "color": "#000",
              "fontSize": 24,
              "lineHeight": 27,
            },
            Object {
              "alignSelf": "center",
              "textAlign": "center",
            },
          ]
        }
        virtual={undefined}
      />
      <View
        style={
          Object {
            "alignSelf": "center",
            "borderWidth": 0.25,
            "margin": 20,
            "opacity": 0.25,
            "width": 100,
          }
        }
      />
      <View
        style={
          Array [
            Object {
              "backgroundColor": "#fff",
              "borderBottomWidth": 0.5,
              "borderColor": "#ccc",
              "borderLeftWidth": 0.5,
              "borderRadius": 2,
              "borderRightWidth": 0.5,
              "borderTopWidth": 0.5,
              "elevation": 3,
              "flexWrap": "nowrap",
              "marginBottom": 5,
              "marginLeft": 2,
              "marginRight": 2,
              "marginTop": 5,
              "shadowColor": "#000",
              "shadowOffset": Object {
                "height": 2,
                "width": 0,
              },
              "shadowOpacity": 0.1,
              "shadowRadius": 1.5,
            },
            Object {
              "flexDirection": "row",
            },
          ]
        }
        virtual={undefined}
      >
        <View
          style={
            Object {
              "alignItems": "flex-start",
              "alignSelf": "center",
              "flex": 1,
            }
          }
          virtual={undefined}
        >
          <Text
            accessible={true}
            allowFontScaling={true}
            ellipsizeMode="tail"
          />
        </View>
        <View
          style={
            Object {
              "alignItems": "flex-end",
              "alignSelf": "center",
              "flex": 1,
            }
          }
          virtual={undefined}
        >
          <Text
            accessible={true}
            allowFontScaling={true}
            ellipsizeMode="tail"
          >
            Hora inv√°lida
            h
          </Text>
        </View>
      </View>
      <View
        style={
          Array [
            Object {
              "backgroundColor": "#fff",
              "borderBottomWidth": 0.5,
              "borderColor": "#ccc",
              "borderLeftWidth": 0.5,
              "borderRadius": 2,
              "borderRightWidth": 0.5,
              "borderTopWidth": 0.5,
              "elevation": 3,
              "flexWrap": "nowrap",
              "marginBottom": 5,
              "marginLeft": 2,
              "marginRight": 2,
              "marginTop": 5,
              "shadowColor": "#000",
              "shadowOffset": Object {
                "height": 2,
                "width": 0,
              },
              "shadowOpacity": 0.1,
              "shadowRadius": 1.5,
            },
            Object {
              "flexDirection": "row",
            },
          ]
        }
        virtual={undefined}
      >
        <View
          style={
            Object {
              "alignItems": "flex-start",
              "alignSelf": "center",
              "flex": 1,
            }
          }
          virtual={undefined}
        >
          <Text
            accessible={true}
            allowFontScaling={true}
            ellipsizeMode="tail"
          />
        </View>
        <View
          style={
            Object {
              "alignItems": "flex-end",
              "alignSelf": "center",
              "flex": 1,
            }
          }
          virtual={undefined}
        >
          <Text
            accessible={true}
            allowFontScaling={true}
            ellipsizeMode="tail"
          />
        </View>
      </View>
      <View
        style={
          Array [
            Object {
              "backgroundColor": "#fff",
              "borderBottomWidth": 0.5,
              "borderColor": "#ccc",
              "borderLeftWidth": 0.5,
              "borderRadius": 2,
              "borderRightWidth": 0.5,
              "borderTopWidth": 0.5,
              "elevation": 3,
              "flexWrap": "nowrap",
              "marginBottom": 5,
              "marginLeft": 2,
              "marginRight": 2,
              "marginTop": 5,
              "shadowColor": "#000",
              "shadowOffset": Object {
                "height": 2,
                "width": 0,
              },
              "shadowOpacity": 0.1,
              "shadowRadius": 1.5,
            },
            Object {
              "flexDirection": "row",
            },
          ]
        }
        virtual={undefined}
      >
        <View
          style={
            Object {
              "alignItems": "flex-start",
              "alignSelf": "center",
              "flex": 1,
            }
          }
          virtual={undefined}
        >
          <Text
            accessible={true}
            allowFontScaling={true}
            ellipsizeMode="tail"
          />
        </View>
        <View
          style={
            Object {
              "alignItems": "flex-end",
              "alignSelf": "center",
              "flex": 1,
            }
          }
          virtual={undefined}
        >
          <Text
            accessible={true}
            allowFontScaling={true}
            ellipsizeMode="tail"
          >
            R$ 
          </Text>
        </View>
      </View>
    </View>
  </View>
</View>
`;
