// Jest Snapshot v1, https://goo.gl/fbAQLP

exports[`renders correctly 1`] = `
<View
  flexDirection="row"
>
  <View
    accessibilityComponentType={undefined}
    accessibilityLabel={undefined}
    accessibilityTraits={undefined}
    accessible={true}
    collapsable={undefined}
    hasTVPreferredFocus={undefined}
    hitSlop={undefined}
    isTVSelectable={true}
    nativeID={undefined}
    onLayout={undefined}
    onResponderGrant={[Function]}
    onResponderMove={[Function]}
    onResponderRelease={[Function]}
    onResponderTerminate={[Function]}
    onResponderTerminationRequest={[Function]}
    onStartShouldSetResponder={[Function]}
    style={
      Object {
        "alignItems": "center",
        "alignSelf": "flex-start",
        "backgroundColor": "transparent",
        "borderBottomWidth": null,
        "borderColor": "#007aff",
        "borderLeftWidth": null,
        "borderRadius": 5,
        "borderRightWidth": null,
        "borderTopWidth": null,
        "borderWidth": undefined,
        "elevation": 0,
        "flexDirection": "row",
        "height": 45,
        "justifyContent": "space-between",
        "opacity": 1,
        "paddingBottom": 6,
        "paddingTop": 6,
        "shadowColor": null,
        "shadowOffset": null,
        "shadowOpacity": null,
        "shadowRadius": null,
      }
    }
    testID={undefined}
    tvParallaxProperties={undefined}
  >
    <Text
      accessible={true}
      allowFontScaling={true}
      ellipsizeMode="tail"
    />
    <Text
      accessible={true}
      allowFontScaling={true}
      ellipsizeMode="tail"
      style={
        Object {
          "color": "gray",
          "fontWeight": "bold",
          "textAlignVertical": "center",
        }
      }
    />
  </View>
</View>
`;
